*test*message*promise_reject.js:*
  consol.log('oops'); // eslint-disable-line no-undef
  ^

ReferenceError: consol is not defined
    at *test*message*promise_reject.js:*:*
    at Object.<anonymous> (*test*message*promise_reject.js:*:*)
    at Module._compile (module.js:*:*)
    at Object.Module._extensions..js (module.js:*:*)
    at Module.load (module.js:*:*)
    at tryModuleLoad (module.js:*:*)
    at Function.Module._load (module.js:*:*)
    at Function.Module.runMain (module.js:*:*)
    at startup (node.js:*:*)
    at node.js:*:*
